// Jest Snapshot v1, https://goo.gl/fbAQLP

exports[`AddNewStudent should match snapshot 1`] = `ShallowWrapper {}`;
